1764991234.997894 client started (81418): version 3.4, socket /tmp/tmux-1000/default, protocol 8
1764991234.997955 on Linux 6.6.87.2-microsoft-standard-WSL2 #1 SMP PREEMPT_DYNAMIC Thu Jun  5 18:30:46 UTC 2025
1764991234.997962 using libevent 2.1.12-stable poll
1764991234.997966 using ncurses 6.4 20240113
1764991234.997985 flags are 0x18010000
1764991234.998091 socket is /tmp/tmux-1000/default
1764991234.998116 trying connect
1764991234.998229 add peer 0x6035ec830d50: 6 ((nil))
1764991234.999806 sending message 100 to peer 0x6035ec830d50 (4 bytes)
1764991234.999847 sending message 111 to peer 0x6035ec830d50 (8 bytes)
1764991234.999855 sending message 101 to peer 0x6035ec830d50 (15 bytes)
1764991234.999858 sending message 109 to peer 0x6035ec830d50 (4 bytes)
1764991234.999862 sending message 102 to peer 0x6035ec830d50 (11 bytes)
1764991234.999865 sending message 108 to peer 0x6035ec830d50 (46 bytes)
1764991234.999869 sending message 112 to peer 0x6035ec830d50 (58 bytes)
1764991234.999872 sending message 112 to peer 0x6035ec830d50 (5 bytes)
1764991234.999875 sending message 112 to peer 0x6035ec830d50 (5 bytes)
1764991234.999879 sending message 112 to peer 0x6035ec830d50 (6 bytes)
1764991234.999882 sending message 112 to peer 0x6035ec830d50 (6 bytes)
1764991234.999886 sending message 112 to peer 0x6035ec830d50 (11 bytes)
1764991234.999889 sending message 112 to peer 0x6035ec830d50 (10 bytes)
1764991234.999892 sending message 112 to peer 0x6035ec830d50 (13 bytes)
1764991234.999896 sending message 112 to peer 0x6035ec830d50 (14 bytes)
1764991234.999899 sending message 112 to peer 0x6035ec830d50 (19 bytes)
1764991234.999903 sending message 112 to peer 0x6035ec830d50 (11 bytes)
1764991234.999906 sending message 112 to peer 0x6035ec830d50 (10 bytes)
1764991234.999909 sending message 112 to peer 0x6035ec830d50 (15 bytes)
1764991234.999913 sending message 112 to peer 0x6035ec830d50 (21 bytes)
1764991234.999917 sending message 112 to peer 0x6035ec830d50 (13 bytes)
1764991234.999920 sending message 112 to peer 0x6035ec830d50 (7 bytes)
1764991234.999923 sending message 112 to peer 0x6035ec830d50 (13 bytes)
1764991234.999927 sending message 112 to peer 0x6035ec830d50 (7 bytes)
1764991234.999930 sending message 112 to peer 0x6035ec830d50 (13 bytes)
1764991234.999934 sending message 112 to peer 0x6035ec830d50 (9 bytes)
1764991234.999937 sending message 112 to peer 0x6035ec830d50 (21 bytes)
1764991234.999940 sending message 112 to peer 0x6035ec830d50 (13 bytes)
1764991234.999944 sending message 112 to peer 0x6035ec830d50 (9 bytes)
1764991234.999947 sending message 112 to peer 0x6035ec830d50 (16 bytes)
1764991234.999950 sending message 112 to peer 0x6035ec830d50 (13 bytes)
1764991234.999954 sending message 112 to peer 0x6035ec830d50 (9 bytes)
1764991234.999957 sending message 112 to peer 0x6035ec830d50 (9 bytes)
1764991234.999961 sending message 112 to peer 0x6035ec830d50 (12 bytes)
1764991234.999964 sending message 112 to peer 0x6035ec830d50 (8 bytes)
1764991234.999967 sending message 112 to peer 0x6035ec830d50 (8 bytes)
1764991234.999971 sending message 112 to peer 0x6035ec830d50 (13 bytes)
1764991234.999974 sending message 112 to peer 0x6035ec830d50 (7 bytes)
1764991234.999978 sending message 112 to peer 0x6035ec830d50 (7 bytes)
1764991234.999981 sending message 112 to peer 0x6035ec830d50 (9 bytes)
1764991234.999984 sending message 112 to peer 0x6035ec830d50 (9 bytes)
1764991234.999988 sending message 112 to peer 0x6035ec830d50 (15 bytes)
1764991234.999991 sending message 112 to peer 0x6035ec830d50 (13 bytes)
1764991234.999994 sending message 112 to peer 0x6035ec830d50 (12 bytes)
1764991234.999998 sending message 112 to peer 0x6035ec830d50 (8 bytes)
1764991235.000001 sending message 112 to peer 0x6035ec830d50 (14 bytes)
1764991235.000004 sending message 112 to peer 0x6035ec830d50 (11 bytes)
1764991235.000008 sending message 112 to peer 0x6035ec830d50 (9 bytes)
1764991235.000011 sending message 112 to peer 0x6035ec830d50 (10 bytes)
1764991235.000015 sending message 112 to peer 0x6035ec830d50 (10 bytes)
1764991235.000018 sending message 112 to peer 0x6035ec830d50 (10 bytes)
1764991235.000034 sending message 112 to peer 0x6035ec830d50 (10 bytes)
1764991235.000038 sending message 112 to peer 0x6035ec830d50 (11 bytes)
1764991235.000041 sending message 112 to peer 0x6035ec830d50 (12 bytes)
1764991235.000044 sending message 112 to peer 0x6035ec830d50 (12 bytes)
1764991235.000048 sending message 112 to peer 0x6035ec830d50 (12 bytes)
1764991235.000051 sending message 112 to peer 0x6035ec830d50 (12 bytes)
1764991235.000055 sending message 112 to peer 0x6035ec830d50 (12 bytes)
1764991235.000058 sending message 112 to peer 0x6035ec830d50 (11 bytes)
1764991235.000061 sending message 112 to peer 0x6035ec830d50 (11 bytes)
1764991235.000065 sending message 112 to peer 0x6035ec830d50 (12 bytes)
1764991235.000068 sending message 112 to peer 0x6035ec830d50 (12 bytes)
1764991235.000071 sending message 112 to peer 0x6035ec830d50 (12 bytes)
1764991235.000075 sending message 112 to peer 0x6035ec830d50 (12 bytes)
1764991235.000078 sending message 112 to peer 0x6035ec830d50 (12 bytes)
1764991235.000082 sending message 112 to peer 0x6035ec830d50 (9 bytes)
1764991235.000085 sending message 112 to peer 0x6035ec830d50 (12 bytes)
1764991235.000088 sending message 112 to peer 0x6035ec830d50 (13 bytes)
1764991235.000092 sending message 112 to peer 0x6035ec830d50 (13 bytes)
1764991235.000095 sending message 112 to peer 0x6035ec830d50 (13 bytes)
1764991235.000099 sending message 112 to peer 0x6035ec830d50 (13 bytes)
1764991235.000102 sending message 112 to peer 0x6035ec830d50 (13 bytes)
1764991235.000105 sending message 112 to peer 0x6035ec830d50 (8 bytes)
1764991235.000109 sending message 112 to peer 0x6035ec830d50 (11 bytes)
1764991235.000112 sending message 112 to peer 0x6035ec830d50 (11 bytes)
1764991235.000116 sending message 112 to peer 0x6035ec830d50 (11 bytes)
1764991235.000119 sending message 112 to peer 0x6035ec830d50 (12 bytes)
1764991235.000123 sending message 112 to peer 0x6035ec830d50 (12 bytes)
1764991235.000126 sending message 112 to peer 0x6035ec830d50 (12 bytes)
1764991235.000171 sending message 112 to peer 0x6035ec830d50 (12 bytes)
1764991235.000183 sending message 112 to peer 0x6035ec830d50 (13 bytes)
1764991235.000186 sending message 112 to peer 0x6035ec830d50 (13 bytes)
1764991235.000190 sending message 112 to peer 0x6035ec830d50 (13 bytes)
1764991235.000193 sending message 112 to peer 0x6035ec830d50 (8 bytes)
1764991235.000197 sending message 112 to peer 0x6035ec830d50 (13 bytes)
1764991235.000200 sending message 112 to peer 0x6035ec830d50 (13 bytes)
1764991235.000204 sending message 112 to peer 0x6035ec830d50 (13 bytes)
1764991235.000207 sending message 112 to peer 0x6035ec830d50 (13 bytes)
1764991235.000210 sending message 112 to peer 0x6035ec830d50 (13 bytes)
1764991235.000214 sending message 112 to peer 0x6035ec830d50 (12 bytes)
1764991235.000217 sending message 112 to peer 0x6035ec830d50 (12 bytes)
1764991235.000220 sending message 112 to peer 0x6035ec830d50 (12 bytes)
1764991235.000224 sending message 112 to peer 0x6035ec830d50 (12 bytes)
1764991235.000227 sending message 112 to peer 0x6035ec830d50 (13 bytes)
1764991235.000230 sending message 112 to peer 0x6035ec830d50 (8 bytes)
1764991235.000234 sending message 112 to peer 0x6035ec830d50 (13 bytes)
1764991235.000237 sending message 112 to peer 0x6035ec830d50 (13 bytes)
1764991235.000241 sending message 112 to peer 0x6035ec830d50 (13 bytes)
1764991235.000244 sending message 112 to peer 0x6035ec830d50 (13 bytes)
1764991235.000247 sending message 112 to peer 0x6035ec830d50 (13 bytes)
1764991235.000251 sending message 112 to peer 0x6035ec830d50 (13 bytes)
1764991235.000254 sending message 112 to peer 0x6035ec830d50 (13 bytes)
1764991235.000258 sending message 112 to peer 0x6035ec830d50 (12 bytes)
1764991235.000261 sending message 112 to peer 0x6035ec830d50 (12 bytes)
1764991235.000265 sending message 112 to peer 0x6035ec830d50 (12 bytes)
1764991235.000268 sending message 112 to peer 0x6035ec830d50 (8 bytes)
1764991235.000271 sending message 112 to peer 0x6035ec830d50 (12 bytes)
1764991235.000275 sending message 112 to peer 0x6035ec830d50 (13 bytes)
1764991235.000284 sending message 112 to peer 0x6035ec830d50 (13 bytes)
1764991235.000287 sending message 112 to peer 0x6035ec830d50 (13 bytes)
1764991235.000291 sending message 112 to peer 0x6035ec830d50 (13 bytes)
1764991235.000294 sending message 112 to peer 0x6035ec830d50 (13 bytes)
1764991235.000298 sending message 112 to peer 0x6035ec830d50 (13 bytes)
1764991235.000301 sending message 112 to peer 0x6035ec830d50 (13 bytes)
1764991235.000304 sending message 112 to peer 0x6035ec830d50 (13 bytes)
1764991235.000308 sending message 112 to peer 0x6035ec830d50 (12 bytes)
1764991235.000311 sending message 112 to peer 0x6035ec830d50 (10 bytes)
1764991235.000314 sending message 112 to peer 0x6035ec830d50 (12 bytes)
1764991235.000318 sending message 112 to peer 0x6035ec830d50 (12 bytes)
1764991235.000321 sending message 112 to peer 0x6035ec830d50 (12 bytes)
1764991235.000324 sending message 112 to peer 0x6035ec830d50 (13 bytes)
1764991235.000328 sending message 112 to peer 0x6035ec830d50 (13 bytes)
1764991235.000331 sending message 112 to peer 0x6035ec830d50 (13 bytes)
1764991235.000334 sending message 112 to peer 0x6035ec830d50 (13 bytes)
1764991235.000338 sending message 112 to peer 0x6035ec830d50 (13 bytes)
1764991235.000341 sending message 112 to peer 0x6035ec830d50 (13 bytes)
1764991235.000345 sending message 112 to peer 0x6035ec830d50 (13 bytes)
1764991235.000348 sending message 112 to peer 0x6035ec830d50 (10 bytes)
1764991235.000352 sending message 112 to peer 0x6035ec830d50 (13 bytes)
1764991235.000355 sending message 112 to peer 0x6035ec830d50 (12 bytes)
1764991235.000359 sending message 112 to peer 0x6035ec830d50 (12 bytes)
1764991235.000362 sending message 112 to peer 0x6035ec830d50 (12 bytes)
1764991235.000366 sending message 112 to peer 0x6035ec830d50 (10 bytes)
1764991235.000369 sending message 112 to peer 0x6035ec830d50 (10 bytes)
1764991235.000373 sending message 112 to peer 0x6035ec830d50 (10 bytes)
1764991235.000376 sending message 112 to peer 0x6035ec830d50 (12 bytes)
1764991235.000380 sending message 112 to peer 0x6035ec830d50 (13 bytes)
1764991235.000383 sending message 112 to peer 0x6035ec830d50 (13 bytes)
1764991235.000386 sending message 112 to peer 0x6035ec830d50 (13 bytes)
1764991235.000390 sending message 112 to peer 0x6035ec830d50 (13 bytes)
1764991235.000393 sending message 112 to peer 0x6035ec830d50 (13 bytes)
1764991235.000397 sending message 112 to peer 0x6035ec830d50 (10 bytes)
1764991235.000400 sending message 112 to peer 0x6035ec830d50 (11 bytes)
1764991235.000403 sending message 112 to peer 0x6035ec830d50 (12 bytes)
1764991235.000407 sending message 112 to peer 0x6035ec830d50 (12 bytes)
1764991235.000410 sending message 112 to peer 0x6035ec830d50 (12 bytes)
1764991235.000414 sending message 112 to peer 0x6035ec830d50 (12 bytes)
1764991235.000417 sending message 112 to peer 0x6035ec830d50 (12 bytes)
1764991235.000420 sending message 112 to peer 0x6035ec830d50 (11 bytes)
1764991235.000424 sending message 112 to peer 0x6035ec830d50 (12 bytes)
1764991235.000427 sending message 112 to peer 0x6035ec830d50 (12 bytes)
1764991235.000430 sending message 112 to peer 0x6035ec830d50 (13 bytes)
1764991235.000434 sending message 112 to peer 0x6035ec830d50 (13 bytes)
1764991235.000437 sending message 112 to peer 0x6035ec830d50 (13 bytes)
1764991235.000440 sending message 112 to peer 0x6035ec830d50 (13 bytes)
1764991235.000444 sending message 112 to peer 0x6035ec830d50 (13 bytes)
1764991235.000447 sending message 112 to peer 0x6035ec830d50 (10 bytes)
1764991235.000451 sending message 112 to peer 0x6035ec830d50 (9 bytes)
1764991235.000454 sending message 112 to peer 0x6035ec830d50 (12 bytes)
1764991235.000458 sending message 112 to peer 0x6035ec830d50 (13 bytes)
1764991235.000461 sending message 112 to peer 0x6035ec830d50 (13 bytes)
1764991235.000464 sending message 112 to peer 0x6035ec830d50 (13 bytes)
1764991235.000468 sending message 112 to peer 0x6035ec830d50 (13 bytes)
1764991235.000471 sending message 112 to peer 0x6035ec830d50 (13 bytes)
1764991235.000475 sending message 112 to peer 0x6035ec830d50 (9 bytes)
1764991235.000483 sending message 112 to peer 0x6035ec830d50 (12 bytes)
1764991235.000487 sending message 112 to peer 0x6035ec830d50 (13 bytes)
1764991235.000490 sending message 112 to peer 0x6035ec830d50 (13 bytes)
1764991235.000493 sending message 112 to peer 0x6035ec830d50 (13 bytes)
1764991235.000497 sending message 112 to peer 0x6035ec830d50 (13 bytes)
1764991235.000500 sending message 112 to peer 0x6035ec830d50 (13 bytes)
1764991235.000503 sending message 112 to peer 0x6035ec830d50 (11 bytes)
1764991235.000507 sending message 112 to peer 0x6035ec830d50 (12 bytes)
1764991235.000511 sending message 112 to peer 0x6035ec830d50 (13 bytes)
1764991235.000514 sending message 112 to peer 0x6035ec830d50 (13 bytes)
1764991235.000517 sending message 112 to peer 0x6035ec830d50 (13 bytes)
1764991235.000521 sending message 112 to peer 0x6035ec830d50 (13 bytes)
1764991235.000525 sending message 112 to peer 0x6035ec830d50 (13 bytes)
1764991235.000529 sending message 112 to peer 0x6035ec830d50 (11 bytes)
1764991235.000533 sending message 112 to peer 0x6035ec830d50 (12 bytes)
1764991235.000536 sending message 112 to peer 0x6035ec830d50 (12 bytes)
1764991235.000541 sending message 112 to peer 0x6035ec830d50 (12 bytes)
1764991235.000545 sending message 112 to peer 0x6035ec830d50 (12 bytes)
1764991235.000548 sending message 112 to peer 0x6035ec830d50 (12 bytes)
1764991235.000552 sending message 112 to peer 0x6035ec830d50 (21 bytes)
1764991235.000555 sending message 112 to peer 0x6035ec830d50 (12 bytes)
1764991235.000558 sending message 112 to peer 0x6035ec830d50 (9 bytes)
1764991235.000562 sending message 112 to peer 0x6035ec830d50 (6 bytes)
1764991235.000565 sending message 112 to peer 0x6035ec830d50 (13 bytes)
1764991235.000569 sending message 112 to peer 0x6035ec830d50 (10 bytes)
1764991235.000572 sending message 112 to peer 0x6035ec830d50 (24 bytes)
1764991235.000576 sending message 112 to peer 0x6035ec830d50 (13 bytes)
1764991235.000579 sending message 112 to peer 0x6035ec830d50 (9 bytes)
1764991235.000583 sending message 112 to peer 0x6035ec830d50 (70 bytes)
1764991235.000586 sending message 112 to peer 0x6035ec830d50 (69 bytes)
1764991235.000590 sending message 112 to peer 0x6035ec830d50 (12 bytes)
1764991235.000593 sending message 112 to peer 0x6035ec830d50 (10 bytes)
1764991235.000597 sending message 112 to peer 0x6035ec830d50 (10 bytes)
1764991235.000600 sending message 112 to peer 0x6035ec830d50 (24 bytes)
1764991235.000604 sending message 112 to peer 0x6035ec830d50 (13 bytes)
1764991235.000607 sending message 112 to peer 0x6035ec830d50 (10 bytes)
1764991235.000611 sending message 112 to peer 0x6035ec830d50 (10 bytes)
1764991235.000614 sending message 112 to peer 0x6035ec830d50 (10 bytes)
1764991235.000618 sending message 112 to peer 0x6035ec830d50 (13 bytes)
1764991235.000621 sending message 112 to peer 0x6035ec830d50 (15 bytes)
1764991235.000625 sending message 112 to peer 0x6035ec830d50 (5 bytes)
1764991235.000629 sending message 104 to peer 0x6035ec830d50 (0 bytes)
1764991235.000633 sending message 110 to peer 0x6035ec830d50 (0 bytes)
1764991235.000637 sending message 107 to peer 0x6035ec830d50 (4 bytes)
1764991235.000641 sending message 105 to peer 0x6035ec830d50 (16 bytes)
1764991235.000644 sending message 105 to peer 0x6035ec830d50 (62 bytes)
1764991235.000648 sending message 105 to peer 0x6035ec830d50 (24 bytes)
1764991235.000651 sending message 105 to peer 0x6035ec830d50 (29 bytes)
1764991235.000670 sending message 105 to peer 0x6035ec830d50 (48 bytes)
1764991235.000680 sending message 105 to peer 0x6035ec830d50 (14 bytes)
1764991235.000684 sending message 105 to peer 0x6035ec830d50 (50 bytes)
1764991235.000687 sending message 105 to peer 0x6035ec830d50 (15 bytes)
1764991235.000691 sending message 105 to peer 0x6035ec830d50 (18 bytes)
1764991235.000694 sending message 105 to peer 0x6035ec830d50 (13 bytes)
1764991235.000698 sending message 105 to peer 0x6035ec830d50 (35 bytes)
1764991235.000701 sending message 105 to peer 0x6035ec830d50 (1817 bytes)
1764991235.000711 sending message 105 to peer 0x6035ec830d50 (26 bytes)
1764991235.000723 sending message 105 to peer 0x6035ec830d50 (26 bytes)
1764991235.000726 sending message 105 to peer 0x6035ec830d50 (34 bytes)
1764991235.000730 sending message 105 to peer 0x6035ec830d50 (20 bytes)
1764991235.000733 sending message 105 to peer 0x6035ec830d50 (32 bytes)
1764991235.000737 sending message 105 to peer 0x6035ec830d50 (12 bytes)
1764991235.000740 sending message 105 to peer 0x6035ec830d50 (11 bytes)
1764991235.000744 sending message 105 to peer 0x6035ec830d50 (8 bytes)
1764991235.000747 sending message 105 to peer 0x6035ec830d50 (14 bytes)
1764991235.000750 sending message 105 to peer 0x6035ec830d50 (32 bytes)
1764991235.000754 sending message 105 to peer 0x6035ec830d50 (33 bytes)
1764991235.000758 sending message 105 to peer 0x6035ec830d50 (65 bytes)
1764991235.000761 sending message 105 to peer 0x6035ec830d50 (1264 bytes)
1764991235.000765 sending message 105 to peer 0x6035ec830d50 (54 bytes)
1764991235.000769 sending message 105 to peer 0x6035ec830d50 (53 bytes)
1764991235.000772 sending message 105 to peer 0x6035ec830d50 (16 bytes)
1764991235.000775 sending message 105 to peer 0x6035ec830d50 (40 bytes)
1764991235.000779 sending message 105 to peer 0x6035ec830d50 (53 bytes)
1764991235.000783 sending message 105 to peer 0x6035ec830d50 (20 bytes)
1764991235.000786 sending message 105 to peer 0x6035ec830d50 (16 bytes)
1764991235.000789 sending message 106 to peer 0x6035ec830d50 (0 bytes)
1764991235.000904 sending message 200 to peer 0x6035ec830d50 (4 bytes)
1764991235.000934 client loop enter
1764991235.035008 peer 0x6035ec830d50 message 207
1764991235.035110 sending message 208 to peer 0x6035ec830d50 (0 bytes)
1764991255.059913 peer 0x6035ec830d50 message 201
1764991255.059983 sending message 205 to peer 0x6035ec830d50 (0 bytes)
1764991255.061037 peer 0x6035ec830d50 message 204
1764991255.061102 client loop exit
