1764991604.212502 client started (82702): version 3.4, socket /tmp/tmux-1000/default, protocol 8
1764991604.212643 on Linux 6.6.87.2-microsoft-standard-WSL2 #1 SMP PREEMPT_DYNAMIC Thu Jun  5 18:30:46 UTC 2025
1764991604.212649 using libevent 2.1.12-stable poll
1764991604.212653 using ncurses 6.4 20240113
1764991604.212675 flags are 0x10010000
1764991604.212687 socket is /tmp/tmux-1000/default
1764991604.212705 trying connect
1764991604.212810 add peer 0x5dfc689fa4c0: 6 ((nil))
1764991604.213123 sending message 100 to peer 0x5dfc689fa4c0 (4 bytes)
1764991604.213130 sending message 111 to peer 0x5dfc689fa4c0 (8 bytes)
1764991604.213134 sending message 101 to peer 0x5dfc689fa4c0 (14 bytes)
1764991604.213137 sending message 109 to peer 0x5dfc689fa4c0 (4 bytes)
1764991604.213140 sending message 102 to peer 0x5dfc689fa4c0 (12 bytes)
1764991604.213144 sending message 108 to peer 0x5dfc689fa4c0 (46 bytes)
1764991604.213147 sending message 112 to peer 0x5dfc689fa4c0 (70 bytes)
1764991604.213151 sending message 112 to peer 0x5dfc689fa4c0 (5 bytes)
1764991604.213154 sending message 112 to peer 0x5dfc689fa4c0 (5 bytes)
1764991604.213157 sending message 112 to peer 0x5dfc689fa4c0 (6 bytes)
1764991604.213161 sending message 112 to peer 0x5dfc689fa4c0 (6 bytes)
1764991604.213164 sending message 112 to peer 0x5dfc689fa4c0 (11 bytes)
1764991604.213167 sending message 112 to peer 0x5dfc689fa4c0 (10 bytes)
1764991604.213171 sending message 112 to peer 0x5dfc689fa4c0 (13 bytes)
1764991604.213174 sending message 112 to peer 0x5dfc689fa4c0 (13 bytes)
1764991604.213178 sending message 112 to peer 0x5dfc689fa4c0 (18 bytes)
1764991604.213181 sending message 112 to peer 0x5dfc689fa4c0 (11 bytes)
1764991604.213184 sending message 112 to peer 0x5dfc689fa4c0 (10 bytes)
1764991604.213188 sending message 112 to peer 0x5dfc689fa4c0 (15 bytes)
1764991604.213191 sending message 112 to peer 0x5dfc689fa4c0 (21 bytes)
1764991604.213194 sending message 112 to peer 0x5dfc689fa4c0 (13 bytes)
1764991604.213198 sending message 112 to peer 0x5dfc689fa4c0 (7 bytes)
1764991604.213201 sending message 112 to peer 0x5dfc689fa4c0 (13 bytes)
1764991604.213204 sending message 112 to peer 0x5dfc689fa4c0 (7 bytes)
1764991604.213208 sending message 112 to peer 0x5dfc689fa4c0 (13 bytes)
1764991604.213211 sending message 112 to peer 0x5dfc689fa4c0 (9 bytes)
1764991604.213214 sending message 112 to peer 0x5dfc689fa4c0 (21 bytes)
1764991604.213218 sending message 112 to peer 0x5dfc689fa4c0 (13 bytes)
1764991604.213221 sending message 112 to peer 0x5dfc689fa4c0 (8 bytes)
1764991604.213225 sending message 112 to peer 0x5dfc689fa4c0 (12 bytes)
1764991604.213228 sending message 112 to peer 0x5dfc689fa4c0 (13 bytes)
1764991604.213231 sending message 112 to peer 0x5dfc689fa4c0 (9 bytes)
1764991604.213235 sending message 112 to peer 0x5dfc689fa4c0 (9 bytes)
1764991604.213239 sending message 112 to peer 0x5dfc689fa4c0 (12 bytes)
1764991604.213242 sending message 112 to peer 0x5dfc689fa4c0 (8 bytes)
1764991604.213245 sending message 112 to peer 0x5dfc689fa4c0 (8 bytes)
1764991604.213249 sending message 112 to peer 0x5dfc689fa4c0 (7 bytes)
1764991604.213252 sending message 112 to peer 0x5dfc689fa4c0 (7 bytes)
1764991604.213256 sending message 112 to peer 0x5dfc689fa4c0 (9 bytes)
1764991604.213259 sending message 112 to peer 0x5dfc689fa4c0 (13 bytes)
1764991604.213263 sending message 112 to peer 0x5dfc689fa4c0 (6 bytes)
1764991604.213266 sending message 112 to peer 0x5dfc689fa4c0 (9 bytes)
1764991604.213269 sending message 112 to peer 0x5dfc689fa4c0 (15 bytes)
1764991604.213273 sending message 112 to peer 0x5dfc689fa4c0 (13 bytes)
1764991604.213278 sending message 112 to peer 0x5dfc689fa4c0 (12 bytes)
1764991604.213281 sending message 112 to peer 0x5dfc689fa4c0 (8 bytes)
1764991604.213285 sending message 112 to peer 0x5dfc689fa4c0 (14 bytes)
1764991604.213288 sending message 112 to peer 0x5dfc689fa4c0 (11 bytes)
1764991604.213292 sending message 112 to peer 0x5dfc689fa4c0 (9 bytes)
1764991604.213296 sending message 112 to peer 0x5dfc689fa4c0 (10 bytes)
1764991604.213300 sending message 112 to peer 0x5dfc689fa4c0 (10 bytes)
1764991604.213334 sending message 112 to peer 0x5dfc689fa4c0 (10 bytes)
1764991604.213340 sending message 112 to peer 0x5dfc689fa4c0 (10 bytes)
1764991604.213343 sending message 112 to peer 0x5dfc689fa4c0 (11 bytes)
1764991604.213346 sending message 112 to peer 0x5dfc689fa4c0 (12 bytes)
1764991604.213350 sending message 112 to peer 0x5dfc689fa4c0 (12 bytes)
1764991604.213353 sending message 112 to peer 0x5dfc689fa4c0 (12 bytes)
1764991604.213356 sending message 112 to peer 0x5dfc689fa4c0 (12 bytes)
1764991604.213360 sending message 112 to peer 0x5dfc689fa4c0 (12 bytes)
1764991604.213363 sending message 112 to peer 0x5dfc689fa4c0 (11 bytes)
1764991604.213366 sending message 112 to peer 0x5dfc689fa4c0 (11 bytes)
1764991604.213370 sending message 112 to peer 0x5dfc689fa4c0 (12 bytes)
1764991604.213373 sending message 112 to peer 0x5dfc689fa4c0 (12 bytes)
1764991604.213376 sending message 112 to peer 0x5dfc689fa4c0 (12 bytes)
1764991604.213379 sending message 112 to peer 0x5dfc689fa4c0 (12 bytes)
1764991604.213383 sending message 112 to peer 0x5dfc689fa4c0 (12 bytes)
1764991604.213386 sending message 112 to peer 0x5dfc689fa4c0 (10 bytes)
1764991604.213389 sending message 112 to peer 0x5dfc689fa4c0 (12 bytes)
1764991604.213393 sending message 112 to peer 0x5dfc689fa4c0 (13 bytes)
1764991604.213396 sending message 112 to peer 0x5dfc689fa4c0 (13 bytes)
1764991604.213399 sending message 112 to peer 0x5dfc689fa4c0 (13 bytes)
1764991604.213403 sending message 112 to peer 0x5dfc689fa4c0 (13 bytes)
1764991604.213406 sending message 112 to peer 0x5dfc689fa4c0 (13 bytes)
1764991604.213409 sending message 112 to peer 0x5dfc689fa4c0 (8 bytes)
1764991604.213413 sending message 112 to peer 0x5dfc689fa4c0 (11 bytes)
1764991604.213416 sending message 112 to peer 0x5dfc689fa4c0 (11 bytes)
1764991604.213419 sending message 112 to peer 0x5dfc689fa4c0 (11 bytes)
1764991604.213423 sending message 112 to peer 0x5dfc689fa4c0 (12 bytes)
1764991604.213426 sending message 112 to peer 0x5dfc689fa4c0 (12 bytes)
1764991604.213430 sending message 112 to peer 0x5dfc689fa4c0 (12 bytes)
1764991604.213433 sending message 112 to peer 0x5dfc689fa4c0 (12 bytes)
1764991604.213437 sending message 112 to peer 0x5dfc689fa4c0 (13 bytes)
1764991604.213440 sending message 112 to peer 0x5dfc689fa4c0 (13 bytes)
1764991604.213443 sending message 112 to peer 0x5dfc689fa4c0 (13 bytes)
1764991604.213447 sending message 112 to peer 0x5dfc689fa4c0 (8 bytes)
1764991604.213450 sending message 112 to peer 0x5dfc689fa4c0 (13 bytes)
1764991604.213453 sending message 112 to peer 0x5dfc689fa4c0 (13 bytes)
1764991604.213457 sending message 112 to peer 0x5dfc689fa4c0 (13 bytes)
1764991604.213460 sending message 112 to peer 0x5dfc689fa4c0 (13 bytes)
1764991604.213463 sending message 112 to peer 0x5dfc689fa4c0 (13 bytes)
1764991604.213466 sending message 112 to peer 0x5dfc689fa4c0 (12 bytes)
1764991604.213470 sending message 112 to peer 0x5dfc689fa4c0 (12 bytes)
1764991604.213473 sending message 112 to peer 0x5dfc689fa4c0 (12 bytes)
1764991604.213477 sending message 112 to peer 0x5dfc689fa4c0 (12 bytes)
1764991604.213480 sending message 112 to peer 0x5dfc689fa4c0 (13 bytes)
1764991604.213483 sending message 112 to peer 0x5dfc689fa4c0 (8 bytes)
1764991604.213487 sending message 112 to peer 0x5dfc689fa4c0 (13 bytes)
1764991604.213490 sending message 112 to peer 0x5dfc689fa4c0 (13 bytes)
1764991604.213493 sending message 112 to peer 0x5dfc689fa4c0 (13 bytes)
1764991604.213497 sending message 112 to peer 0x5dfc689fa4c0 (13 bytes)
1764991604.213500 sending message 112 to peer 0x5dfc689fa4c0 (13 bytes)
1764991604.213503 sending message 112 to peer 0x5dfc689fa4c0 (13 bytes)
1764991604.213507 sending message 112 to peer 0x5dfc689fa4c0 (13 bytes)
1764991604.213510 sending message 112 to peer 0x5dfc689fa4c0 (12 bytes)
1764991604.213513 sending message 112 to peer 0x5dfc689fa4c0 (12 bytes)
1764991604.213516 sending message 112 to peer 0x5dfc689fa4c0 (12 bytes)
1764991604.213520 sending message 112 to peer 0x5dfc689fa4c0 (8 bytes)
1764991604.213523 sending message 112 to peer 0x5dfc689fa4c0 (12 bytes)
1764991604.213535 sending message 112 to peer 0x5dfc689fa4c0 (13 bytes)
1764991604.213538 sending message 112 to peer 0x5dfc689fa4c0 (13 bytes)
1764991604.213542 sending message 112 to peer 0x5dfc689fa4c0 (13 bytes)
1764991604.213545 sending message 112 to peer 0x5dfc689fa4c0 (13 bytes)
1764991604.213548 sending message 112 to peer 0x5dfc689fa4c0 (13 bytes)
1764991604.213552 sending message 112 to peer 0x5dfc689fa4c0 (13 bytes)
1764991604.213555 sending message 112 to peer 0x5dfc689fa4c0 (13 bytes)
1764991604.213559 sending message 112 to peer 0x5dfc689fa4c0 (13 bytes)
1764991604.213562 sending message 112 to peer 0x5dfc689fa4c0 (12 bytes)
1764991604.213565 sending message 112 to peer 0x5dfc689fa4c0 (10 bytes)
1764991604.213569 sending message 112 to peer 0x5dfc689fa4c0 (12 bytes)
1764991604.213572 sending message 112 to peer 0x5dfc689fa4c0 (12 bytes)
1764991604.213575 sending message 112 to peer 0x5dfc689fa4c0 (12 bytes)
1764991604.213578 sending message 112 to peer 0x5dfc689fa4c0 (13 bytes)
1764991604.213582 sending message 112 to peer 0x5dfc689fa4c0 (13 bytes)
1764991604.213585 sending message 112 to peer 0x5dfc689fa4c0 (13 bytes)
1764991604.213588 sending message 112 to peer 0x5dfc689fa4c0 (13 bytes)
1764991604.213592 sending message 112 to peer 0x5dfc689fa4c0 (13 bytes)
1764991604.213595 sending message 112 to peer 0x5dfc689fa4c0 (13 bytes)
1764991604.213599 sending message 112 to peer 0x5dfc689fa4c0 (13 bytes)
1764991604.213602 sending message 112 to peer 0x5dfc689fa4c0 (10 bytes)
1764991604.213605 sending message 112 to peer 0x5dfc689fa4c0 (13 bytes)
1764991604.213608 sending message 112 to peer 0x5dfc689fa4c0 (12 bytes)
1764991604.213612 sending message 112 to peer 0x5dfc689fa4c0 (12 bytes)
1764991604.213615 sending message 112 to peer 0x5dfc689fa4c0 (12 bytes)
1764991604.213618 sending message 112 to peer 0x5dfc689fa4c0 (10 bytes)
1764991604.213622 sending message 112 to peer 0x5dfc689fa4c0 (10 bytes)
1764991604.213625 sending message 112 to peer 0x5dfc689fa4c0 (10 bytes)
1764991604.213628 sending message 112 to peer 0x5dfc689fa4c0 (12 bytes)
1764991604.213632 sending message 112 to peer 0x5dfc689fa4c0 (13 bytes)
1764991604.213635 sending message 112 to peer 0x5dfc689fa4c0 (13 bytes)
1764991604.213638 sending message 112 to peer 0x5dfc689fa4c0 (13 bytes)
1764991604.213642 sending message 112 to peer 0x5dfc689fa4c0 (13 bytes)
1764991604.213645 sending message 112 to peer 0x5dfc689fa4c0 (13 bytes)
1764991604.213648 sending message 112 to peer 0x5dfc689fa4c0 (11 bytes)
1764991604.213652 sending message 112 to peer 0x5dfc689fa4c0 (11 bytes)
1764991604.213655 sending message 112 to peer 0x5dfc689fa4c0 (12 bytes)
1764991604.213658 sending message 112 to peer 0x5dfc689fa4c0 (12 bytes)
1764991604.213662 sending message 112 to peer 0x5dfc689fa4c0 (12 bytes)
1764991604.213665 sending message 112 to peer 0x5dfc689fa4c0 (12 bytes)
1764991604.213668 sending message 112 to peer 0x5dfc689fa4c0 (12 bytes)
1764991604.213671 sending message 112 to peer 0x5dfc689fa4c0 (11 bytes)
1764991604.213675 sending message 112 to peer 0x5dfc689fa4c0 (12 bytes)
1764991604.213678 sending message 112 to peer 0x5dfc689fa4c0 (12 bytes)
1764991604.213681 sending message 112 to peer 0x5dfc689fa4c0 (13 bytes)
1764991604.213685 sending message 112 to peer 0x5dfc689fa4c0 (13 bytes)
1764991604.213688 sending message 112 to peer 0x5dfc689fa4c0 (13 bytes)
1764991604.213691 sending message 112 to peer 0x5dfc689fa4c0 (13 bytes)
1764991604.213695 sending message 112 to peer 0x5dfc689fa4c0 (13 bytes)
1764991604.213698 sending message 112 to peer 0x5dfc689fa4c0 (10 bytes)
1764991604.213701 sending message 112 to peer 0x5dfc689fa4c0 (9 bytes)
1764991604.213705 sending message 112 to peer 0x5dfc689fa4c0 (12 bytes)
1764991604.213708 sending message 112 to peer 0x5dfc689fa4c0 (13 bytes)
1764991604.213711 sending message 112 to peer 0x5dfc689fa4c0 (13 bytes)
1764991604.213715 sending message 112 to peer 0x5dfc689fa4c0 (13 bytes)
1764991604.213718 sending message 112 to peer 0x5dfc689fa4c0 (13 bytes)
1764991604.213722 sending message 112 to peer 0x5dfc689fa4c0 (13 bytes)
1764991604.213742 sending message 112 to peer 0x5dfc689fa4c0 (9 bytes)
1764991604.213746 sending message 112 to peer 0x5dfc689fa4c0 (12 bytes)
1764991604.213749 sending message 112 to peer 0x5dfc689fa4c0 (13 bytes)
1764991604.213752 sending message 112 to peer 0x5dfc689fa4c0 (13 bytes)
1764991604.213756 sending message 112 to peer 0x5dfc689fa4c0 (13 bytes)
1764991604.213759 sending message 112 to peer 0x5dfc689fa4c0 (13 bytes)
1764991604.213763 sending message 112 to peer 0x5dfc689fa4c0 (13 bytes)
1764991604.213766 sending message 112 to peer 0x5dfc689fa4c0 (11 bytes)
1764991604.213770 sending message 112 to peer 0x5dfc689fa4c0 (12 bytes)
1764991604.213773 sending message 112 to peer 0x5dfc689fa4c0 (13 bytes)
1764991604.213776 sending message 112 to peer 0x5dfc689fa4c0 (13 bytes)
1764991604.213780 sending message 112 to peer 0x5dfc689fa4c0 (13 bytes)
1764991604.213783 sending message 112 to peer 0x5dfc689fa4c0 (13 bytes)
1764991604.213786 sending message 112 to peer 0x5dfc689fa4c0 (13 bytes)
1764991604.213790 sending message 112 to peer 0x5dfc689fa4c0 (11 bytes)
1764991604.213793 sending message 112 to peer 0x5dfc689fa4c0 (12 bytes)
1764991604.213796 sending message 112 to peer 0x5dfc689fa4c0 (12 bytes)
1764991604.213800 sending message 112 to peer 0x5dfc689fa4c0 (12 bytes)
1764991604.213803 sending message 112 to peer 0x5dfc689fa4c0 (12 bytes)
1764991604.213806 sending message 112 to peer 0x5dfc689fa4c0 (12 bytes)
1764991604.213810 sending message 112 to peer 0x5dfc689fa4c0 (21 bytes)
1764991604.213813 sending message 112 to peer 0x5dfc689fa4c0 (12 bytes)
1764991604.213817 sending message 112 to peer 0x5dfc689fa4c0 (9 bytes)
1764991604.213820 sending message 112 to peer 0x5dfc689fa4c0 (6 bytes)
1764991604.213824 sending message 112 to peer 0x5dfc689fa4c0 (13 bytes)
1764991604.213827 sending message 112 to peer 0x5dfc689fa4c0 (8 bytes)
1764991604.213830 sending message 112 to peer 0x5dfc689fa4c0 (15 bytes)
1764991604.213834 sending message 112 to peer 0x5dfc689fa4c0 (13 bytes)
1764991604.213837 sending message 112 to peer 0x5dfc689fa4c0 (9 bytes)
1764991604.213841 sending message 112 to peer 0x5dfc689fa4c0 (70 bytes)
1764991604.213844 sending message 112 to peer 0x5dfc689fa4c0 (69 bytes)
1764991604.213847 sending message 112 to peer 0x5dfc689fa4c0 (10 bytes)
1764991604.213851 sending message 112 to peer 0x5dfc689fa4c0 (10 bytes)
1764991604.213854 sending message 112 to peer 0x5dfc689fa4c0 (8 bytes)
1764991604.213857 sending message 112 to peer 0x5dfc689fa4c0 (15 bytes)
1764991604.213861 sending message 112 to peer 0x5dfc689fa4c0 (13 bytes)
1764991604.213864 sending message 112 to peer 0x5dfc689fa4c0 (10 bytes)
1764991604.213868 sending message 112 to peer 0x5dfc689fa4c0 (10 bytes)
1764991604.213871 sending message 112 to peer 0x5dfc689fa4c0 (17 bytes)
1764991604.213875 sending message 112 to peer 0x5dfc689fa4c0 (10 bytes)
1764991604.213878 sending message 112 to peer 0x5dfc689fa4c0 (13 bytes)
1764991604.213882 sending message 112 to peer 0x5dfc689fa4c0 (9 bytes)
1764991604.213885 sending message 112 to peer 0x5dfc689fa4c0 (5 bytes)
1764991604.213889 sending message 112 to peer 0x5dfc689fa4c0 (15 bytes)
1764991604.213893 sending message 104 to peer 0x5dfc689fa4c0 (0 bytes)
1764991604.213897 sending message 110 to peer 0x5dfc689fa4c0 (0 bytes)
1764991604.213901 sending message 107 to peer 0x5dfc689fa4c0 (4 bytes)
1764991604.213904 sending message 105 to peer 0x5dfc689fa4c0 (16 bytes)
1764991604.213908 sending message 105 to peer 0x5dfc689fa4c0 (20 bytes)
1764991604.213911 sending message 105 to peer 0x5dfc689fa4c0 (62 bytes)
1764991604.213915 sending message 105 to peer 0x5dfc689fa4c0 (24 bytes)
1764991604.213918 sending message 105 to peer 0x5dfc689fa4c0 (25 bytes)
1764991604.213922 sending message 105 to peer 0x5dfc689fa4c0 (29 bytes)
1764991604.213925 sending message 105 to peer 0x5dfc689fa4c0 (36 bytes)
1764991604.213928 sending message 105 to peer 0x5dfc689fa4c0 (26 bytes)
1764991604.213932 sending message 105 to peer 0x5dfc689fa4c0 (14 bytes)
1764991604.213935 sending message 105 to peer 0x5dfc689fa4c0 (50 bytes)
1764991604.213945 sending message 105 to peer 0x5dfc689fa4c0 (15 bytes)
1764991604.213949 sending message 105 to peer 0x5dfc689fa4c0 (107 bytes)
1764991604.213952 sending message 105 to peer 0x5dfc689fa4c0 (23 bytes)
1764991604.213956 sending message 105 to peer 0x5dfc689fa4c0 (18 bytes)
1764991604.213959 sending message 105 to peer 0x5dfc689fa4c0 (13 bytes)
1764991604.213963 sending message 105 to peer 0x5dfc689fa4c0 (33 bytes)
1764991604.213966 sending message 105 to peer 0x5dfc689fa4c0 (1817 bytes)
1764991604.213975 sending message 105 to peer 0x5dfc689fa4c0 (26 bytes)
1764991604.213979 sending message 105 to peer 0x5dfc689fa4c0 (121 bytes)
1764991604.213982 sending message 105 to peer 0x5dfc689fa4c0 (26 bytes)
1764991604.213986 sending message 105 to peer 0x5dfc689fa4c0 (31 bytes)
1764991604.213990 sending message 105 to peer 0x5dfc689fa4c0 (35 bytes)
1764991604.213993 sending message 105 to peer 0x5dfc689fa4c0 (34 bytes)
1764991604.213997 sending message 105 to peer 0x5dfc689fa4c0 (19 bytes)
1764991604.214000 sending message 105 to peer 0x5dfc689fa4c0 (32 bytes)
1764991604.214003 sending message 105 to peer 0x5dfc689fa4c0 (12 bytes)
1764991604.214007 sending message 105 to peer 0x5dfc689fa4c0 (13 bytes)
1764991604.214010 sending message 105 to peer 0x5dfc689fa4c0 (64 bytes)
1764991604.214013 sending message 105 to peer 0x5dfc689fa4c0 (11 bytes)
1764991604.214017 sending message 105 to peer 0x5dfc689fa4c0 (8 bytes)
1764991604.214020 sending message 105 to peer 0x5dfc689fa4c0 (14 bytes)
1764991604.214023 sending message 105 to peer 0x5dfc689fa4c0 (32 bytes)
1764991604.214027 sending message 105 to peer 0x5dfc689fa4c0 (8 bytes)
1764991604.214030 sending message 105 to peer 0x5dfc689fa4c0 (138 bytes)
1764991604.214034 sending message 105 to peer 0x5dfc689fa4c0 (65 bytes)
1764991604.214037 sending message 105 to peer 0x5dfc689fa4c0 (1312 bytes)
1764991604.214041 sending message 105 to peer 0x5dfc689fa4c0 (54 bytes)
1764991604.214044 sending message 105 to peer 0x5dfc689fa4c0 (12 bytes)
1764991604.214048 sending message 105 to peer 0x5dfc689fa4c0 (53 bytes)
1764991604.214051 sending message 105 to peer 0x5dfc689fa4c0 (16 bytes)
1764991604.214055 sending message 105 to peer 0x5dfc689fa4c0 (40 bytes)
1764991604.214058 sending message 105 to peer 0x5dfc689fa4c0 (49 bytes)
1764991604.214061 sending message 105 to peer 0x5dfc689fa4c0 (18 bytes)
1764991604.214065 sending message 105 to peer 0x5dfc689fa4c0 (88 bytes)
1764991604.214068 sending message 105 to peer 0x5dfc689fa4c0 (16 bytes)
1764991604.214072 sending message 106 to peer 0x5dfc689fa4c0 (0 bytes)
1764991604.214144 sending message 200 to peer 0x5dfc689fa4c0 (4 bytes)
1764991604.214153 client loop enter
1764991604.216533 peer 0x5dfc689fa4c0 message 303
1764991604.216571 open write file 2 -
1764991604.216584 sending message 305 to peer 0x5dfc689fa4c0 (8 bytes)
1764991604.216595 write check file 2
1764991604.216890 peer 0x5dfc689fa4c0 message 304
1764991604.216918 write 58 to file 2
1764991604.216927 peer 0x5dfc689fa4c0 message 203
1764991604.216931 file 2 58 bytes left
1764991604.216969 write check file 2
1764991604.216976 client loop exit
